HEAT TRANSFER FUNCTION NORMS
  HC error: ||F||_2 = 5.497E-04 (initial)
  HC error: ||F||_2 = 7.939E-07, scaled = 1.444E+03
    1: error= 1.44428E+03
  HC error: ||F||_2 = 6.039E-08, scaled = 1.099E+02
    2: error= 1.09859E+02
  HC error: ||F||_2 = 6.102E-09, scaled = 1.110E+01
    3: error= 1.11010E+01
  HC error: ||F||_2 = 5.413E-10, scaled = 9.847E-01
    4: error= 9.84657E-01
  NLK BCE solve succeeded:   4 iterations, error= 9.84657E-01
HEAT TRANSFER FUNCTION NORMS
  HC error: ||F||_2 = 3.271E-05 (initial)
  HC error: ||F||_2 = 8.321E-07, scaled = 2.544E+04
    1: error= 2.54356E+04
  HC error: ||F||_2 = 6.340E-08, scaled = 1.938E+03
    2: error= 1.93800E+03
  HC error: ||F||_2 = 6.422E-09, scaled = 1.963E+02
    3: error= 1.96314E+02
  HC error: ||F||_2 = 5.779E-10, scaled = 1.767E+01
    4: error= 1.76669E+01
  HC error: ||F||_2 = 4.843E-11, scaled = 1.480E+00
    5: error= 1.48048E+00
  HC error: ||F||_2 = 2.606E-12, scaled = 7.966E-02
    6: error= 7.96580E-02
  NLK BCE solve succeeded:   6 iterations, error= 7.96580E-02
HEAT TRANSFER FUNCTION NORMS
  HC error: ||F||_2 = 5.312E-04 (initial)
  HC error: ||F||_2 = 1.620E-08, scaled = 3.049E+01
    1: error= 3.04918E+01
  HC error: ||F||_2 = 1.510E-09, scaled = 2.842E+00
    2: error= 2.84208E+00
  HC error: ||F||_2 = 1.481E-10, scaled = 2.788E-01
    3: error= 2.78822E-01
  NLK BCE solve succeeded:   3 iterations, error= 2.78822E-01
HEAT TRANSFER FUNCTION NORMS
  HC error: ||F||_2 = 5.512E-04 (initial)
  HC error: ||F||_2 = 1.760E-08, scaled = 3.193E+01
    1: error= 3.19283E+01
  HC error: ||F||_2 = 1.625E-09, scaled = 2.948E+00
    2: error= 2.94795E+00
  HC error: ||F||_2 = 1.550E-10, scaled = 2.812E-01
    3: error= 2.81223E-01
  NLK BCE solve succeeded:   3 iterations, error= 2.81223E-01
HEAT TRANSFER FUNCTION NORMS
  HC error: ||F||_2 = 5.773E-04 (initial)
  HC error: ||F||_2 = 1.940E-08, scaled = 3.360E+01
    1: error= 3.36021E+01
  HC error: ||F||_2 = 1.797E-09, scaled = 3.113E+00
    2: error= 3.11255E+00
  HC error: ||F||_2 = 1.808E-10, scaled = 3.131E-01
    3: error= 3.13107E-01
  NLK BCE solve succeeded:   3 iterations, error= 3.13107E-01
HEAT TRANSFER FUNCTION NORMS
  HC error: ||F||_2 = 5.957E-04 (initial)
  HC error: ||F||_2 = 2.121E-08, scaled = 3.560E+01
    1: error= 3.55954E+01
  HC error: ||F||_2 = 2.003E-09, scaled = 3.362E+00
    2: error= 3.36234E+00
  HC error: ||F||_2 = 1.873E-10, scaled = 3.145E-01
    3: error= 3.14451E-01
  NLK BCE solve succeeded:   3 iterations, error= 3.14451E-01
HEAT TRANSFER FUNCTION NORMS
  HC error: ||F||_2 = 6.362E-04 (initial)
  HC error: ||F||_2 = 2.385E-08, scaled = 3.748E+01
    1: error= 3.74841E+01
  HC error: ||F||_2 = 2.161E-09, scaled = 3.397E+00
    2: error= 3.39666E+00
  HC error: ||F||_2 = 1.828E-10, scaled = 2.873E-01
    3: error= 2.87269E-01
  NLK BCE solve succeeded:   3 iterations, error= 2.87269E-01
HEAT TRANSFER FUNCTION NORMS
  HC error: ||F||_2 = 7.141E-04 (initial)
  HC error: ||F||_2 = 2.714E-08, scaled = 3.800E+01
    1: error= 3.80026E+01
  HC error: ||F||_2 = 2.501E-09, scaled = 3.503E+00
    2: error= 3.50300E+00
  HC error: ||F||_2 = 2.167E-10, scaled = 3.034E-01
    3: error= 3.03433E-01
  NLK BCE solve succeeded:   3 iterations, error= 3.03433E-01
HEAT TRANSFER FUNCTION NORMS
  HC error: ||F||_2 = 7.475E-04 (initial)
  HC error: ||F||_2 = 2.930E-08, scaled = 3.920E+01
    1: error= 3.92018E+01
  HC error: ||F||_2 = 2.669E-09, scaled = 3.571E+00
    2: error= 3.57130E+00
  HC error: ||F||_2 = 2.494E-10, scaled = 3.336E-01
    3: error= 3.33605E-01
  NLK BCE solve succeeded:   3 iterations, error= 3.33605E-01
HEAT TRANSFER FUNCTION NORMS
  HC error: ||F||_2 = 7.440E-04 (initial)
  HC error: ||F||_2 = 3.245E-08, scaled = 4.361E+01
    1: error= 4.36121E+01
  HC error: ||F||_2 = 2.956E-09, scaled = 3.973E+00
    2: error= 3.97305E+00
  HC error: ||F||_2 = 2.642E-10, scaled = 3.551E-01
    3: error= 3.55150E-01
  NLK BCE solve succeeded:   3 iterations, error= 3.55150E-01
HEAT TRANSFER FUNCTION NORMS
  HC error: ||F||_2 = 7.533E-04 (initial)
  HC error: ||F||_2 = 3.488E-08, scaled = 4.630E+01
    1: error= 4.63016E+01
  HC error: ||F||_2 = 3.177E-09, scaled = 4.217E+00
    2: error= 4.21695E+00
  HC error: ||F||_2 = 2.875E-10, scaled = 3.816E-01
    3: error= 3.81625E-01
  NLK BCE solve succeeded:   3 iterations, error= 3.81625E-01
HEAT TRANSFER FUNCTION NORMS
  HC error: ||F||_2 = 7.726E-04 (initial)
  HC error: ||F||_2 = 3.786E-08, scaled = 4.901E+01
    1: error= 4.90063E+01
  HC error: ||F||_2 = 3.450E-09, scaled = 4.465E+00
    2: error= 4.46519E+00
  HC error: ||F||_2 = 3.123E-10, scaled = 4.042E-01
    3: error= 4.04206E-01
  NLK BCE solve succeeded:   3 iterations, error= 4.04206E-01
HEAT TRANSFER FUNCTION NORMS
  HC error: ||F||_2 = 8.015E-04 (initial)
  HC error: ||F||_2 = 4.148E-08, scaled = 5.175E+01
    1: error= 5.17474E+01
  HC error: ||F||_2 = 3.792E-09, scaled = 4.731E+00
    2: error= 4.73126E+00
  HC error: ||F||_2 = 3.434E-10, scaled = 4.285E-01
    3: error= 4.28477E-01
  NLK BCE solve succeeded:   3 iterations, error= 4.28477E-01
HEAT TRANSFER FUNCTION NORMS
  HC error: ||F||_2 = 8.292E-04 (initial)
  HC error: ||F||_2 = 4.527E-08, scaled = 5.459E+01
    1: error= 5.45945E+01
  HC error: ||F||_2 = 4.151E-09, scaled = 5.006E+00
    2: error= 5.00573E+00
  HC error: ||F||_2 = 3.760E-10, scaled = 4.535E-01
    3: error= 4.53464E-01
  NLK BCE solve succeeded:   3 iterations, error= 4.53464E-01
HEAT TRANSFER FUNCTION NORMS
  HC error: ||F||_2 = 8.592E-04 (initial)
  HC error: ||F||_2 = 4.950E-08, scaled = 5.761E+01
    1: error= 5.76057E+01
  HC error: ||F||_2 = 4.550E-09, scaled = 5.295E+00
    2: error= 5.29546E+00
  HC error: ||F||_2 = 4.123E-10, scaled = 4.799E-01
    3: error= 4.79871E-01
  NLK BCE solve succeeded:   3 iterations, error= 4.79871E-01
HEAT TRANSFER FUNCTION NORMS
  HC error: ||F||_2 = 8.901E-04 (initial)
  HC error: ||F||_2 = 5.407E-08, scaled = 6.075E+01
    1: error= 6.07529E+01
  HC error: ||F||_2 = 4.982E-09, scaled = 5.597E+00
    2: error= 5.59741E+00
  HC error: ||F||_2 = 4.518E-10, scaled = 5.076E-01
    3: error= 5.07584E-01
  NLK BCE solve succeeded:   3 iterations, error= 5.07584E-01
HEAT TRANSFER FUNCTION NORMS
  HC error: ||F||_2 = 9.218E-04 (initial)
  HC error: ||F||_2 = 5.902E-08, scaled = 6.403E+01
    1: error= 6.40310E+01
  HC error: ||F||_2 = 5.449E-09, scaled = 5.911E+00
    2: error= 5.91071E+00
  HC error: ||F||_2 = 4.946E-10, scaled = 5.365E-01
    3: error= 5.36528E-01
  NLK BCE solve succeeded:   3 iterations, error= 5.36528E-01
HEAT TRANSFER FUNCTION NORMS
  HC error: ||F||_2 = 9.545E-04 (initial)
  HC error: ||F||_2 = 6.437E-08, scaled = 6.744E+01
    1: error= 6.74361E+01
  HC error: ||F||_2 = 5.951E-09, scaled = 6.234E+00
    2: error= 6.23402E+00
  HC error: ||F||_2 = 5.408E-10, scaled = 5.665E-01
    3: error= 5.66538E-01
  NLK BCE solve succeeded:   3 iterations, error= 5.66538E-01
HEAT TRANSFER FUNCTION NORMS
  HC error: ||F||_2 = 9.883E-04 (initial)
  HC error: ||F||_2 = 7.015E-08, scaled = 7.098E+01
    1: error= 7.09813E+01
  HC error: ||F||_2 = 6.490E-09, scaled = 6.566E+00
    2: error= 6.56641E+00
  HC error: ||F||_2 = 5.901E-10, scaled = 5.971E-01
    3: error= 5.97075E-01
  NLK BCE solve succeeded:   3 iterations, error= 5.97075E-01
HEAT TRANSFER FUNCTION NORMS
  HC error: ||F||_2 = 1.024E-03 (initial)
  HC error: ||F||_2 = 7.660E-08, scaled = 7.484E+01
    1: error= 7.48401E+01
  HC error: ||F||_2 = 7.076E-09, scaled = 6.913E+00
    2: error= 6.91340E+00
  HC error: ||F||_2 = 6.324E-10, scaled = 6.178E-01
    3: error= 6.17838E-01
  NLK BCE solve succeeded:   3 iterations, error= 6.17838E-01
HEAT TRANSFER FUNCTION NORMS
  HC error: ||F||_2 = 1.192E-03 (initial)
  HC error: ||F||_2 = 8.768E-08, scaled = 7.358E+01
    1: error= 7.35812E+01
  HC error: ||F||_2 = 7.933E-09, scaled = 6.658E+00
    2: error= 6.65787E+00
  HC error: ||F||_2 = 7.292E-10, scaled = 6.119E-01
    3: error= 6.11943E-01
  NLK BCE solve succeeded:   3 iterations, error= 6.11943E-01
HEAT TRANSFER FUNCTION NORMS
  HC error: ||F||_2 = 2.023E-03 (initial)
  HC error: ||F||_2 = 1.737E-07, scaled = 8.587E+01
    1: error= 8.58675E+01
  HC error: ||F||_2 = 1.716E-08, scaled = 8.485E+00
    2: error= 8.48494E+00
  HC error: ||F||_2 = 1.324E-09, scaled = 6.547E-01
    3: error= 6.54667E-01
  NLK BCE solve succeeded:   3 iterations, error= 6.54667E-01
HEAT TRANSFER FUNCTION NORMS
  HC error: ||F||_2 = 1.414E-03 (initial)
  HC error: ||F||_2 = 2.872E-07, scaled = 2.031E+02
    1: error= 2.03102E+02
  HC error: ||F||_2 = 3.573E-08, scaled = 2.527E+01
    2: error= 2.52663E+01
  HC error: ||F||_2 = 3.035E-09, scaled = 2.147E+00
    3: error= 2.14668E+00
  HC error: ||F||_2 = 2.417E-10, scaled = 1.709E-01
    4: error= 1.70921E-01
  NLK BCE solve succeeded:   4 iterations, error= 1.70921E-01
HEAT TRANSFER FUNCTION NORMS
  HC error: ||F||_2 = 1.471E-03 (initial)
  HC error: ||F||_2 = 1.245E-07, scaled = 8.464E+01
    1: error= 8.46448E+01
  HC error: ||F||_2 = 1.093E-08, scaled = 7.432E+00
    2: error= 7.43176E+00
  HC error: ||F||_2 = 9.474E-10, scaled = 6.439E-01
    3: error= 6.43941E-01
  NLK BCE solve succeeded:   3 iterations, error= 6.43941E-01
HEAT TRANSFER FUNCTION NORMS
  HC error: ||F||_2 = 1.539E-03 (initial)
  HC error: ||F||_2 = 1.350E-07, scaled = 8.772E+01
    1: error= 8.77237E+01
  HC error: ||F||_2 = 1.182E-08, scaled = 7.684E+00
    2: error= 7.68356E+00
  HC error: ||F||_2 = 1.036E-09, scaled = 6.735E-01
    3: error= 6.73504E-01
  NLK BCE solve succeeded:   3 iterations, error= 6.73504E-01
HEAT TRANSFER FUNCTION NORMS
  HC error: ||F||_2 = 1.832E-03 (initial)
  HC error: ||F||_2 = 5.266E-09, scaled = 2.875E+00
    1: error= 2.87497E+00
  HC error: ||F||_2 = 1.074E-11, scaled = 5.865E-03
    2: error= 5.86518E-03
  NLK BCE solve succeeded:   2 iterations, error= 5.86518E-03
HEAT TRANSFER FUNCTION NORMS
  HC error: ||F||_2 = 2.523E-03 (initial)
  HC error: ||F||_2 = 8.717E-09, scaled = 3.455E+00
    1: error= 3.45525E+00
  HC error: ||F||_2 = 1.919E-11, scaled = 7.606E-03
    2: error= 7.60613E-03
  NLK BCE solve succeeded:   2 iterations, error= 7.60613E-03
HEAT TRANSFER FUNCTION NORMS
  HC error: ||F||_2 = 2.335E-03 (initial)
  HC error: ||F||_2 = 1.278E-08, scaled = 5.472E+00
    1: error= 5.47221E+00
  HC error: ||F||_2 = 2.816E-11, scaled = 1.206E-02
    2: error= 1.20628E-02
  NLK BCE solve succeeded:   2 iterations, error= 1.20628E-02
HEAT TRANSFER FUNCTION NORMS
  HC error: ||F||_2 = 2.568E-03 (initial)
  HC error: ||F||_2 = 8.714E-09, scaled = 3.393E+00
    1: error= 3.39281E+00
  HC error: ||F||_2 = 2.152E-11, scaled = 8.378E-03
    2: error= 8.37750E-03
  NLK BCE solve succeeded:   2 iterations, error= 8.37750E-03
HEAT TRANSFER FUNCTION NORMS
  HC error: ||F||_2 = 3.246E-03 (initial)
  HC error: ||F||_2 = 1.049E-08, scaled = 3.232E+00
    1: error= 3.23176E+00
  HC error: ||F||_2 = 2.655E-11, scaled = 8.178E-03
    2: error= 8.17809E-03
  NLK BCE solve succeeded:   2 iterations, error= 8.17809E-03
HEAT TRANSFER FUNCTION NORMS
  HC error: ||F||_2 = 2.718E-03 (initial)
  HC error: ||F||_2 = 7.940E-09, scaled = 2.921E+00
    1: error= 2.92134E+00
  HC error: ||F||_2 = 1.992E-11, scaled = 7.329E-03
    2: error= 7.32890E-03
  NLK BCE solve succeeded:   2 iterations, error= 7.32890E-03
HEAT TRANSFER FUNCTION NORMS
  HC error: ||F||_2 = 3.022E-03 (initial)
  HC error: ||F||_2 = 8.276E-09, scaled = 2.739E+00
    1: error= 2.73866E+00
  HC error: ||F||_2 = 1.960E-11, scaled = 6.485E-03
    2: error= 6.48458E-03
  NLK BCE solve succeeded:   2 iterations, error= 6.48458E-03
HEAT TRANSFER FUNCTION NORMS
  HC error: ||F||_2 = 3.632E-03 (initial)
  HC error: ||F||_2 = 9.196E-09, scaled = 2.532E+00
    1: error= 2.53167E+00
  HC error: ||F||_2 = 2.330E-11, scaled = 6.416E-03
    2: error= 6.41570E-03
  NLK BCE solve succeeded:   2 iterations, error= 6.41570E-03
HEAT TRANSFER FUNCTION NORMS
  HC error: ||F||_2 = 3.179E-03 (initial)
  HC error: ||F||_2 = 7.205E-09, scaled = 2.266E+00
    1: error= 2.26621E+00
  HC error: ||F||_2 = 1.760E-11, scaled = 5.536E-03
    2: error= 5.53563E-03
  NLK BCE solve succeeded:   2 iterations, error= 5.53563E-03
HEAT TRANSFER FUNCTION NORMS
  HC error: ||F||_2 = 3.513E-03 (initial)
  HC error: ||F||_2 = 1.076E-08, scaled = 3.064E+00
    1: error= 3.06410E+00
  HC error: ||F||_2 = 2.582E-11, scaled = 7.350E-03
    2: error= 7.35028E-03
  NLK BCE solve succeeded:   2 iterations, error= 7.35028E-03
HEAT TRANSFER FUNCTION NORMS
  HC error: ||F||_2 = 3.710E-03 (initial)
  HC error: ||F||_2 = 1.506E-08, scaled = 4.060E+00
    1: error= 4.06041E+00
  HC error: ||F||_2 = 3.326E-11, scaled = 8.965E-03
    2: error= 8.96485E-03
  NLK BCE solve succeeded:   2 iterations, error= 8.96485E-03
HEAT TRANSFER FUNCTION NORMS
  HC error: ||F||_2 = 3.179E-03 (initial)
  HC error: ||F||_2 = 6.720E-09, scaled = 2.114E+00
    1: error= 2.11406E+00
  HC error: ||F||_2 = 1.260E-11, scaled = 3.963E-03
    2: error= 3.96271E-03
  NLK BCE solve succeeded:   2 iterations, error= 3.96271E-03
HEAT TRANSFER FUNCTION NORMS
  HC error: ||F||_2 = 3.863E-03 (initial)
  HC error: ||F||_2 = 1.178E-08, scaled = 3.049E+00
    1: error= 3.04927E+00
  HC error: ||F||_2 = 1.912E-11, scaled = 4.950E-03
    2: error= 4.95031E-03
  NLK BCE solve succeeded:   2 iterations, error= 4.95031E-03
HEAT TRANSFER FUNCTION NORMS
  HC error: ||F||_2 = 3.410E-03 (initial)
  HC error: ||F||_2 = 1.451E-08, scaled = 4.253E+00
    1: error= 4.25348E+00
  HC error: ||F||_2 = 2.592E-11, scaled = 7.600E-03
    2: error= 7.60026E-03
  NLK BCE solve succeeded:   2 iterations, error= 7.60026E-03
HEAT TRANSFER FUNCTION NORMS
  HC error: ||F||_2 = 3.428E-03 (initial)
  HC error: ||F||_2 = 9.025E-09, scaled = 2.633E+00
    1: error= 2.63305E+00
  HC error: ||F||_2 = 1.992E-11, scaled = 5.811E-03
    2: error= 5.81133E-03
  NLK BCE solve succeeded:   2 iterations, error= 5.81133E-03
HEAT TRANSFER FUNCTION NORMS
  HC error: ||F||_2 = 3.754E-03 (initial)
  HC error: ||F||_2 = 1.020E-08, scaled = 2.717E+00
    1: error= 2.71725E+00
  HC error: ||F||_2 = 2.276E-11, scaled = 6.062E-03
    2: error= 6.06239E-03
  NLK BCE solve succeeded:   2 iterations, error= 6.06239E-03
HEAT TRANSFER FUNCTION NORMS
  HC error: ||F||_2 = 3.283E-03 (initial)
  HC error: ||F||_2 = 6.772E-09, scaled = 2.063E+00
    1: error= 2.06308E+00
  HC error: ||F||_2 = 1.169E-11, scaled = 3.562E-03
    2: error= 3.56164E-03
  NLK BCE solve succeeded:   2 iterations, error= 3.56164E-03
HEAT TRANSFER FUNCTION NORMS
  HC error: ||F||_2 = 3.354E-03 (initial)
  HC error: ||F||_2 = 8.817E-09, scaled = 2.628E+00
    1: error= 2.62839E+00
  HC error: ||F||_2 = 1.779E-11, scaled = 5.304E-03
    2: error= 5.30382E-03
  NLK BCE solve succeeded:   2 iterations, error= 5.30382E-03
