
TRAP step      1: T= 0.00000E+00, H= 1.00000E+00, ETAH= 5.00000E-01
  Preconditioner updated at T= 1.00000E+00, ETAH= 5.00000E-01
    1: error= 1.68779E-01
    2: error= 3.82732E-03
  AIN BCE solve succeeded:   2 iterations, error= 3.82732E-03
  Step accepted: no local error control

BDF2 step      2: T= 1.00000E+00, H= 1.00000E+00, ETAH= 6.66667E-01
    1: error= 7.63695E-01
    2: error= 3.47117E-02
  AIN BCE solve succeeded:   2 iterations, error= 3.47117E-02
  Step accepted: no local error control

BDF2 step      3: T= 2.00000E+00, H= 1.00000E+00, ETAH= 6.66667E-01
    1: error= 1.40979E-01
    2: error= 3.62185E-02
  AIN BCE solve succeeded:   2 iterations, error= 3.62185E-02
  Step accepted: no local error control

BDF2 step      4: T= 3.00000E+00, H= 1.00000E+00, ETAH= 6.66667E-01
    1: error= 1.02961E-01
    2: error= 2.54292E-02
  AIN BCE solve succeeded:   2 iterations, error= 2.54292E-02
  Step accepted: perr= 1.25599E-01

BDF2 step      5: T= 4.00000E+00, H= 1.99559E+00, ETAH= 1.19771E+00
    1: error= 1.56877E-01
    2: error= 1.20348E-01
    3: error= 4.61346E-03
  AIN BCE solve succeeded:   3 iterations, error= 4.61346E-03
  Step accepted: perr= 2.74425E-01

BDF2 step      6: T= 5.99559E+00, H= 2.09235E+00, ETAH= 1.38398E+00
    1: error= 1.13173E-01
    2: error= 3.49076E-02
  AIN BCE solve succeeded:   2 iterations, error= 3.49076E-02
  Step accepted: perr= 1.13173E-01

BDF2 step      7: T= 8.08794E+00, H= 3.95407E+00, ETAH= 2.39068E+00
  Preconditioner updated at T= 1.20420E+01, ETAH= 2.39068E+00
    1: error= 5.00699E-01
    2: error= 8.00123E-03
  AIN BCE solve succeeded:   2 iterations, error= 8.00123E-03
  Step accepted: perr= 5.00699E-01

BDF2 step      8: T= 1.20420E+01, H= 3.02935E+00, ETAH= 2.11282E+00
    1: error= 5.00694E-01
    2: error= 2.50425E-02
  AIN BCE solve succeeded:   2 iterations, error= 2.50425E-02
  Step accepted: perr= 5.00694E-01

BDF2 step      9: T= 1.50714E+01, H= 3.10124E+00, ETAH= 2.05944E+00
    1: error= 5.30050E-01
    2: error= 3.69583E-02
  AIN BCE solve succeeded:   2 iterations, error= 3.69583E-02
  Step accepted: perr= 5.00842E-01

BDF2 step     10: T= 1.81726E+01, H= 3.22990E+00, ETAH= 2.13878E+00
    1: error= 5.52133E-01
    2: error= 2.80695E-02
  AIN BCE solve succeeded:   2 iterations, error= 2.80695E-02
  Step accepted: perr= 5.24123E-01

BDF2 step     11: T= 2.14025E+01, H= 3.07723E+00, ETAH= 2.06817E+00
    1: error= 5.10362E-01
    2: error= 3.45267E-02
  AIN BCE solve succeeded:   2 iterations, error= 3.45267E-02
  Step accepted: perr= 4.78970E-01

BDF2 step     12: T= 2.44797E+01, H= 3.19681E+00, ETAH= 2.11775E+00
    1: error= 5.37866E-01
    2: error= 3.00636E-02
  AIN BCE solve succeeded:   2 iterations, error= 3.00636E-02
  Step accepted: perr= 5.07941E-01

BDF2 step     13: T= 2.76765E+01, H= 3.14296E+00, ETAH= 2.10125E+00
    1: error= 5.22534E-01
    2: error= 3.13088E-02
  AIN BCE solve succeeded:   2 iterations, error= 3.13088E-02
  Step accepted: perr= 4.94648E-01

BDF2 step     14: T= 3.08195E+01, H= 3.16418E+00, ETAH= 2.10709E+00
    1: error= 5.31752E-01
    2: error= 3.11046E-02
  AIN BCE solve succeeded:   2 iterations, error= 3.11046E-02
  Step accepted: perr= 5.01373E-01

BDF2 step     15: T= 3.39837E+01, H= 3.15959E+00, ETAH= 2.10690E+00
    1: error= 5.31600E-01
    2: error= 3.11252E-02
  AIN BCE solve succeeded:   2 iterations, error= 3.11252E-02
  Step accepted: perr= 5.01439E-01

BDF2 step     16: T= 3.71433E+01, H= 3.15287E+00, ETAH= 2.10266E+00
    1: error= 5.31891E-01
    2: error= 3.16684E-02
  AIN BCE solve succeeded:   2 iterations, error= 3.16684E-02
  Step accepted: perr= 5.01491E-01

BDF2 step     17: T= 4.02961E+01, H= 3.15163E+00, ETAH= 2.10123E+00
    1: error= 5.32685E-01
    2: error= 3.18894E-02
  AIN BCE solve succeeded:   2 iterations, error= 3.18894E-02
  Step accepted: perr= 5.01534E-01

BDF2 step     18: T= 4.34478E+01, H= 3.14815E+00, ETAH= 2.09915E+00
    1: error= 5.32763E-01
    2: error= 3.21536E-02
  AIN BCE solve succeeded:   2 iterations, error= 3.21536E-02
  Step accepted: perr= 5.01563E-01

BDF2 step     19: T= 4.65959E+01, H= 3.14460E+00, ETAH= 2.09679E+00
    1: error= 5.33005E-01
    2: error= 3.24631E-02
  AIN BCE solve succeeded:   2 iterations, error= 3.24631E-02
  Step accepted: perr= 5.01580E-01

BDF2 step     20: T= 4.97405E+01, H= 3.14144E+00, ETAH= 2.09464E+00
    1: error= 5.33325E-01
    2: error= 3.27511E-02
  AIN BCE solve succeeded:   2 iterations, error= 3.27511E-02
  Step accepted: perr= 5.01584E-01

BDF2 step     21: T= 5.28820E+01, H= 3.13810E+00, ETAH= 2.09244E+00
    1: error= 5.33599E-01
    2: error= 3.30439E-02
  AIN BCE solve succeeded:   2 iterations, error= 3.30439E-02
  Step accepted: perr= 5.01576E-01

BDF2 step     22: T= 5.60201E+01, H= 3.13480E+00, ETAH= 2.09024E+00
    1: error= 5.33881E-01
    2: error= 3.33373E-02
  AIN BCE solve succeeded:   2 iterations, error= 3.33373E-02
  Step accepted: perr= 5.01555E-01

BDF2 step     23: T= 5.91549E+01, H= 3.13160E+00, ETAH= 2.08809E+00
    1: error= 5.34159E-01
    2: error= 3.36240E-02
  AIN BCE solve succeeded:   2 iterations, error= 3.36240E-02
  Step accepted: perr= 5.01522E-01

BDF2 step     24: T= 6.22865E+01, H= 3.12846E+00, ETAH= 2.08599E+00
    1: error= 5.34420E-01
    2: error= 3.39042E-02
  AIN BCE solve succeeded:   2 iterations, error= 3.39042E-02
  Step accepted: perr= 5.01476E-01

BDF2 step     25: T= 6.54149E+01, H= 3.12544E+00, ETAH= 2.08397E+00
    1: error= 5.34669E-01
    2: error= 3.41750E-02
  AIN BCE solve succeeded:   2 iterations, error= 3.41750E-02
  Step accepted: perr= 5.01417E-01

BDF2 step     26: T= 6.85404E+01, H= 3.12256E+00, ETAH= 2.08203E+00
    1: error= 5.34902E-01
    2: error= 3.44339E-02
  AIN BCE solve succeeded:   2 iterations, error= 3.44339E-02
  Step accepted: perr= 5.01345E-01

BDF2 step     27: T= 7.16629E+01, H= 3.11985E+00, ETAH= 2.08020E+00
    1: error= 5.35115E-01
    2: error= 3.46786E-02
  AIN BCE solve succeeded:   2 iterations, error= 3.46786E-02
  Step accepted: perr= 5.01260E-01

BDF2 step     28: T= 7.47828E+01, H= 3.11732E+00, ETAH= 2.07850E+00
    1: error= 5.35308E-01
    2: error= 3.49065E-02
  AIN BCE solve succeeded:   2 iterations, error= 3.49065E-02
  Step accepted: perr= 5.01163E-01

BDF2 step     29: T= 7.79001E+01, H= 3.11502E+00, ETAH= 2.07693E+00
    1: error= 5.35477E-01
    2: error= 3.51152E-02
  AIN BCE solve succeeded:   2 iterations, error= 3.51152E-02
  Step accepted: perr= 5.01052E-01

BDF2 step     30: T= 8.10151E+01, H= 3.11295E+00, ETAH= 2.07553E+00
    1: error= 5.35620E-01
    2: error= 3.53022E-02
  AIN BCE solve succeeded:   2 iterations, error= 3.53022E-02
  Step accepted: perr= 5.00929E-01

BDF2 step     31: T= 8.41281E+01, H= 3.11116E+00, ETAH= 2.07431E+00
    1: error= 5.35734E-01
    2: error= 3.54651E-02
  AIN BCE solve succeeded:   2 iterations, error= 3.54651E-02
  Step accepted: perr= 5.00792E-01

BDF2 step     32: T= 8.72392E+01, H= 3.10966E+00, ETAH= 2.07327E+00
    1: error= 5.35818E-01
    2: error= 3.56014E-02
  AIN BCE solve succeeded:   2 iterations, error= 3.56014E-02
  Step accepted: perr= 5.00643E-01

BDF2 step     33: T= 9.03489E+01, H= 3.10849E+00, ETAH= 2.07246E+00
    1: error= 5.35868E-01
    2: error= 3.57086E-02
  AIN BCE solve succeeded:   2 iterations, error= 3.57086E-02
  Step accepted: perr= 5.00481E-01

BDF2 step     34: T= 9.34574E+01, H= 3.10766E+00, ETAH= 2.07187E+00
    1: error= 5.35882E-01
    2: error= 3.57843E-02
  AIN BCE solve succeeded:   2 iterations, error= 3.57843E-02
  Step accepted: perr= 5.00306E-01

BDF2 step     35: T= 9.65651E+01, H= 3.10721E+00, ETAH= 2.07153E+00
    1: error= 5.35858E-01
    2: error= 3.58261E-02
  AIN BCE solve succeeded:   2 iterations, error= 3.58261E-02
  Step accepted: perr= 5.00119E-01

BDF2 step     36: T= 9.96723E+01, H= 3.10717E+00, ETAH= 2.07145E+00
    1: error= 2.77849E+00
    2: error= 1.00054E-01
    3: error= 2.20228E-03
  AIN BCE solve succeeded:   3 iterations, error= 2.20228E-03
  Step accepted: perr= 2.77849E+00

BDF2 step     37: T= 1.02779E+02, H= 1.06610E+00, ETAH= 8.49172E-01
    1: error= 1.07091E+00
    2: error= 4.41283E-01
    3: error= 3.45313E-02
  AIN BCE solve succeeded:   3 iterations, error= 3.45313E-02
  Step accepted: perr= 1.07091E+00

BDF2 step     38: T= 1.03846E+02, H= 1.22375E+00, ETAH= 7.97528E-01
    1: error= 7.85813E-01
    2: error= 3.84636E-01
    3: error= 1.06980E-02
  AIN BCE solve succeeded:   3 iterations, error= 1.06980E-02
  Step accepted: perr= 4.09569E-01

BDF2 step     39: T= 1.05069E+02, H= 1.64027E+00, ETAH= 1.04295E+00
    1: error= 4.58757E-01
    2: error= 1.54656E-01
    3: error= 2.56552E-03
  AIN BCE solve succeeded:   3 iterations, error= 2.56552E-03
  Step accepted: perr= 3.04112E-01

BDF2 step     40: T= 1.06710E+02, H= 1.84736E+00, ETAH= 1.20767E+00
    1: error= 1.47798E-01
    2: error= 3.94907E-02
  AIN BCE solve succeeded:   2 iterations, error= 3.94907E-02
  Step accepted: perr= 1.08450E-01

BDF2 step     41: T= 1.08557E+02, H= 3.61141E+00, ETAH= 2.17348E+00
    1: error= 3.21386E-02
    2: error= 1.11514E-03
  AIN BCE solve succeeded:   2 iterations, error= 1.11514E-03
  Step accepted: perr= 3.21832E-02

BDF2 step     42: T= 1.12168E+02, H= 5.00000E+00, ETAH= 3.16331E+00
    1: error= 7.93700E-02
    2: error= 1.12772E-02
  AIN BCE solve succeeded:   2 iterations, error= 1.12772E-02
  Step accepted: perr= 8.92073E-02

BDF2 step     43: T= 1.17168E+02, H= 5.00000E+00, ETAH= 3.33333E+00
    1: error= 4.26644E-02
    2: error= 6.96856E-03
  AIN BCE solve succeeded:   2 iterations, error= 6.96856E-03
  Step accepted: perr= 4.86208E-02

BDF2 step     44: T= 1.22168E+02, H= 5.00000E+00, ETAH= 3.33333E+00
    1: error= 1.17327E-02
    2: error= 1.88918E-03
  AIN BCE solve succeeded:   2 iterations, error= 1.88918E-03
  Step accepted: perr= 1.33744E-02

BDF2 step     45: T= 1.27168E+02, H= 5.00000E+00, ETAH= 3.33333E+00
    1: error= 5.59847E-04
    2: error= 8.66364E-05
  AIN BCE solve succeeded:   2 iterations, error= 8.66364E-05
  Step accepted: perr= 6.44283E-04

BDF2 step     46: T= 1.32168E+02, H= 5.00000E+00, ETAH= 3.33333E+00
    1: error= 1.08760E-03
    2: error= 1.76217E-04
  AIN BCE solve succeeded:   2 iterations, error= 1.76217E-04
  Step accepted: perr= 1.24498E-03

BDF2 step     47: T= 1.37168E+02, H= 5.00000E+00, ETAH= 3.33333E+00
    1: error= 5.59206E-04
    2: error= 8.81146E-05
  AIN BCE solve succeeded:   2 iterations, error= 8.81146E-05
  Step accepted: perr= 6.40692E-04

BDF2 step     48: T= 1.42168E+02, H= 5.00000E+00, ETAH= 3.33333E+00
    1: error= 1.30896E-04
  AIN BCE solve succeeded:   1 iterations, error= 1.30896E-04
  Step accepted: perr= 1.30896E-04

BDF2 step     49: T= 1.47168E+02, H= 5.00000E+00, ETAH= 3.33333E+00
    1: error= 4.21285E-05
  AIN BCE solve succeeded:   1 iterations, error= 4.21285E-05
  Step accepted: perr= 4.21285E-05
