
TRAP step      1: T= 0.00000E+00, H= 1.00000E-03, ETAH= 5.00000E-04
  Preconditioner updated at T= 1.00000E-03, ETAH= 5.00000E-04
    1: error= 5.44922E-01
    2: error= 9.58293E-02
    3: error= 7.94207E-03
  AIN BCE solve succeeded:   3 iterations, error= 7.94207E-03
  Step accepted: no local error control

BDF2 step      2: T= 1.00000E-03, H= 1.00000E-03, ETAH= 6.66667E-04
    1: error= 3.26530E-01
    2: error= 6.72419E-02
    3: error= 1.10773E-02
  AIN BCE solve succeeded:   3 iterations, error= 1.10773E-02
  Step accepted: no local error control

BDF2 step      3: T= 2.00000E-03, H= 1.00000E-03, ETAH= 6.66667E-04
    1: error= 1.63810E-01
    2: error= 7.16056E-02
    3: error= 2.61417E-02
  AIN BCE solve succeeded:   3 iterations, error= 2.61417E-02
  Step accepted: no local error control

BDF2 step      4: T= 3.00000E-03, H= 1.00000E-03, ETAH= 6.66667E-04
    1: error= 1.25476E-01
    2: error= 5.88147E-02
    3: error= 2.05282E-02
  AIN BCE solve succeeded:   3 iterations, error= 2.05282E-02
  Step accepted: perr= 1.57496E-01

BDF2 step      5: T= 4.00000E-03, H= 1.79538E-03, ETAH= 1.09323E-03
    1: error= 1.90946E-01
    2: error= 1.08329E-01
    3: error= 1.11234E-01
    4: error= 2.65509E-03
  AIN BCE solve succeeded:   4 iterations, error= 2.65509E-03
  Step accepted: perr= 3.44187E-01

BDF2 step      6: T= 5.79538E-03, H= 1.73238E-03, ETAH= 1.16184E-03
    1: error= 1.38678E-01
    2: error= 6.41732E-02
    3: error= 7.51988E-02
    4: error= 2.93260E-03
  AIN BCE solve succeeded:   4 iterations, error= 2.93260E-03
  Step accepted: perr= 2.29257E-01

BDF2 step      7: T= 7.52776E-03, H= 2.43181E-03, ETAH= 1.53525E-03
    1: error= 2.55486E-01
    2: error= 8.10333E-02
    3: error= 1.22310E-01
    4: error= 4.45441E-02
  AIN BCE solve succeeded:   4 iterations, error= 4.45441E-02
  Step accepted: perr= 4.08975E-01

BDF2 step      8: T= 9.95957E-03, H= 2.36003E-03, ETAH= 1.58125E-03
    1: error= 2.65054E-01
    2: error= 7.46308E-02
    3: error= 8.95535E-02
    4: error= 6.71721E-02
    5: error= 5.58010E-03
  AIN BCE solve succeeded:   5 iterations, error= 5.58010E-03
  Step accepted: perr= 3.97899E-01

BDF2 step      9: T= 1.23196E-02, H= 2.56171E-03, ETAH= 1.68479E-03
    1: error= 2.81749E-01
    2: error= 6.84416E-02
    3: error= 7.86278E-02
    4: error= 7.87519E-02
    5: error= 1.30403E-02
  AIN BCE solve succeeded:   5 iterations, error= 1.30403E-02
  Step accepted: perr= 4.22192E-01

BDF2 step     10: T= 1.48813E-02, H= 2.72023E-03, ETAH= 1.79553E-03
    1: error= 2.75380E-01
    2: error= 6.98621E-02
    3: error= 7.84872E-02
    4: error= 5.09441E-02
    5: error= 6.38657E-02
    6: error= 1.57767E-03
  AIN BCE solve succeeded:   6 iterations, error= 1.57767E-03
  Step accepted: perr= 4.28093E-01

BDF2 step     11: T= 1.76015E-02, H= 2.83988E-03, ETAH= 1.87977E-03
    1: error= 2.67636E-01
    2: error= 6.71556E-02
    3: error= 7.47152E-02
    4: error= 3.39049E-02
  AIN BCE solve succeeded:   4 iterations, error= 3.39049E-02
  Step accepted: perr= 3.58932E-01

BDF2 step     12: T= 2.04414E-02, H= 3.29158E-03, ETAH= 2.14179E-03
  Preconditioner updated at T= 2.37330E-02, ETAH= 2.14179E-03
    1: error= 6.85138E-01
    2: error= 1.37081E-01
    3: error= 8.91445E-03
  AIN BCE solve succeeded:   3 iterations, error= 8.91445E-03
  Step accepted: perr= 6.85609E-01

BDF2 step     13: T= 2.37330E-02, H= 2.56096E-03, ETAH= 1.78144E-03
    1: error= 2.88451E-01
    2: error= 4.14689E-02
  AIN BCE solve succeeded:   2 iterations, error= 4.14689E-02
  Step accepted: perr= 2.64859E-01

BDF2 step     14: T= 2.62940E-02, H= 3.90163E-03, ETAH= 2.43286E-03
    1: error= 4.39839E-01
    2: error= 9.35613E-02
    3: error= 1.63072E-02
  AIN BCE solve succeeded:   3 iterations, error= 1.63072E-02
  Step accepted: perr= 4.79446E-01

BDF2 step     15: T= 3.01956E-02, H= 3.48811E-03, ETAH= 2.36961E-03
    1: error= 3.80493E-01
    2: error= 7.89158E-02
    3: error= 1.25648E-02
  AIN BCE solve succeeded:   3 iterations, error= 1.25648E-02
  Step accepted: perr= 3.90205E-01

BDF2 step     16: T= 3.36837E-02, H= 3.92147E-03, ETAH= 2.56432E-03
    1: error= 4.01038E-01
    2: error= 1.04980E-01
    3: error= 2.12250E-02
  AIN BCE solve succeeded:   3 iterations, error= 2.12250E-02
  Step accepted: perr= 4.42341E-01

BDF2 step     17: T= 3.76052E-02, H= 4.05904E-03, ETAH= 2.69056E-03
    1: error= 3.64275E-01
    2: error= 1.04487E-01
    3: error= 2.50310E-02
  AIN BCE solve succeeded:   3 iterations, error= 2.50310E-02
  Step accepted: perr= 4.13116E-01

BDF2 step     18: T= 4.16642E-02, H= 4.34275E-03, ETAH= 2.86294E-03
    1: error= 3.50771E-01
    2: error= 1.11483E-01
    3: error= 3.28540E-02
  AIN BCE solve succeeded:   3 iterations, error= 3.28540E-02
  Step accepted: perr= 4.11880E-01

BDF2 step     19: T= 4.60070E-02, H= 4.65026E-03, ETAH= 3.06524E-03
    1: error= 3.35238E-01
    2: error= 1.17055E-01
    3: error= 4.43187E-02
  AIN BCE solve succeeded:   3 iterations, error= 4.43187E-02
  Step accepted: perr= 4.11679E-01

BDF2 step     20: T= 5.06572E-02, H= 4.95139E-03, ETAH= 3.26678E-03
    1: error= 3.18298E-01
    2: error= 1.14660E-01
    3: error= 5.56501E-02
    4: error= 2.12913E-02
  AIN BCE solve succeeded:   4 iterations, error= 2.12913E-02
  Step accepted: perr= 4.21552E-01

BDF2 step     21: T= 5.56086E-02, H= 5.21771E-03, ETAH= 3.44837E-03
    1: error= 3.34497E-01
    2: error= 9.52303E-02
    3: error= 4.58904E-02
  AIN BCE solve succeeded:   3 iterations, error= 4.58904E-02
  Step accepted: perr= 3.47027E-01

BDF2 step     22: T= 6.08263E-02, H= 6.12755E-03, ETAH= 3.97867E-03
    1: error= 3.26955E-01
    2: error= 1.16371E-01
    3: error= 1.05293E-01
    4: error= 2.65667E-02
  AIN BCE solve succeeded:   4 iterations, error= 2.65667E-02
  Step accepted: perr= 5.05176E-01

BDF2 step     23: T= 6.69539E-02, H= 5.62345E-03, ETAH= 3.80335E-03
    1: error= 3.69182E-01
    2: error= 1.51065E-01
    3: error= 6.25724E-02
    4: error= 4.10270E-02
  AIN BCE solve succeeded:   4 iterations, error= 4.10270E-02
  Step accepted: perr= 3.32779E-01

BDF2 step     24: T= 7.25773E-02, H= 7.06073E-03, ETAH= 4.53583E-03
    1: error= 3.13618E-01
    2: error= 1.58490E-01
    3: error= 1.28372E-01
    4: error= 6.38005E-02
    5: error= 7.28500E-03
  AIN BCE solve succeeded:   5 iterations, error= 7.28500E-03
  Step accepted: perr= 4.72072E-01

BDF2 step     25: T= 7.96380E-02, H= 6.69443E-03, ETAH= 4.50293E-03
    1: error= 2.95745E-01
    2: error= 1.63549E-01
    3: error= 1.40190E-01
    4: error= 5.05073E-02
    5: error= 8.11630E-03
  AIN BCE solve succeeded:   5 iterations, error= 8.11630E-03
  Step accepted: perr= 3.87408E-01

BDF2 step     26: T= 8.63325E-02, H= 7.57057E-03, ETAH= 4.94579E-03
    1: error= 3.57127E-01
    2: error= 2.41067E-01
    3: error= 1.58707E-01
    4: error= 6.92799E-02
    5: error= 1.03020E-02
  AIN BCE solve succeeded:   5 iterations, error= 1.03020E-02
  Step accepted: perr= 4.40590E-01

BDF2 step     27: T= 9.39030E-02, H= 7.74946E-03, ETAH= 5.14628E-03
    1: error= 3.29765E-01
    2: error= 2.41972E-01
    3: error= 1.62442E-01
    4: error= 6.63504E-02
    5: error= 1.09410E-02
  AIN BCE solve succeeded:   5 iterations, error= 1.09410E-02
  Step accepted: perr= 4.20372E-01

BDF2 step     28: T= 1.01653E-01, H= 8.24650E-03, ETAH= 5.44131E-03
    1: error= 3.31937E-01
    2: error= 2.59550E-01
    3: error= 1.80918E-01
    4: error= 6.97873E-02
    5: error= 1.27388E-02
  AIN BCE solve succeeded:   5 iterations, error= 1.27388E-02
  Step accepted: perr= 4.30734E-01

BDF2 step     29: T= 1.09899E-01, H= 8.65831E-03, ETAH= 5.72572E-03
    1: error= 3.22276E-01
    2: error= 2.56083E-01
    3: error= 1.76091E-01
    4: error= 6.31855E-02
    5: error= 1.38015E-02
  AIN BCE solve succeeded:   5 iterations, error= 1.38015E-02
  Step accepted: perr= 4.39720E-01

BDF2 step     30: T= 1.18557E-01, H= 8.98392E-03, ETAH= 5.95266E-03
    1: error= 3.10297E-01
    2: error= 2.40509E-01
    3: error= 1.53478E-01
    4: error= 4.88450E-02
  AIN BCE solve succeeded:   4 iterations, error= 4.88450E-02
  Step accepted: perr= 4.22341E-01

BDF2 step     31: T= 1.27541E-01, H= 9.59746E-03, ETAH= 6.32865E-03
    1: error= 3.76416E-01
    2: error= 3.52881E-01
    3: error= 2.19949E-01
    4: error= 4.23079E-02
  AIN BCE solve succeeded:   4 iterations, error= 4.23079E-02
  Step accepted: perr= 4.54361E-01

BDF2 step     32: T= 1.37139E-01, H= 9.75133E-03, ETAH= 6.48370E-03
    1: error= 3.45380E-01
    2: error= 2.97318E-01
    3: error= 1.92492E-01
    4: error= 5.82530E-02
    5: error= 2.18920E-02
  AIN BCE solve succeeded:   5 iterations, error= 2.18920E-02
  Step accepted: perr= 4.46150E-01

BDF2 step     33: T= 1.46890E-01, H= 1.01796E-02, ETAH= 6.73811E-03
    1: error= 4.51578E-01
    2: error= 4.27682E-01
    3: error= 1.81136E-01
    4: error= 8.21322E-02
    5: error= 2.39664E-02
  AIN BCE solve succeeded:   5 iterations, error= 2.39664E-02
  Step accepted: perr= 4.02194E-01

BDF2 step     34: T= 1.57070E-01, H= 1.11948E-02, ETAH= 7.34689E-03
    1: error= 4.95264E-01
    2: error= 5.42661E-01
    3: error= 2.64551E-01
    4: error= 1.07844E-01
    5: error= 3.45447E-02
  AIN BCE solve succeeded:   5 iterations, error= 3.45447E-02
  Step accepted: perr= 4.18826E-01

BDF2 step     35: T= 1.68264E-01, H= 1.17224E-02, ETAH= 7.75543E-03
    1: error= 5.73111E-01
    2: error= 6.09599E-01
    3: error= 2.53724E-01
    4: error= 1.65115E-01
    5: error= 4.35058E-02
  AIN BCE solve succeeded:   5 iterations, error= 4.35058E-02
  Step accepted: perr= 4.40065E-01

BDF2 step     36: T= 1.79987E-01, H= 1.21055E-02, ETAH= 8.02731E-03
    1: error= 5.40617E-01
    2: error= 3.69594E-01
    3: error= 3.06693E-01
    4: error= 2.15640E-01
    5: error= 5.14587E-02
    6: error= 4.79190E-02
  AIN BCE solve succeeded:   6 iterations, error= 4.79190E-02
  Step accepted: perr= 4.40600E-01

BDF2 step     37: T= 1.92092E-01, H= 1.26743E-02, ETAH= 8.38540E-03
    1: error= 6.40412E-01
    2: error= 3.68246E-01
    3: error= 2.89775E-01
    4: error= 2.10738E-01
    5: error= 6.49982E-02
    6: error= 5.31768E-02
    7: error= 8.65986E-02
    8: error= 4.23214E-02
  AIN BCE solve succeeded:   8 iterations, error= 4.23214E-02
  Step accepted: perr= 5.37866E-01

BDF2 step     38: T= 2.04767E-01, H= 1.18574E-02, ETAH= 7.99366E-03
    1: error= 4.80367E-01
    2: error= 1.44262E-01
    3: error= 1.72687E-01
    4: error= 2.13928E-01
    5: error= 4.97886E-02
  AIN BCE solve succeeded:   5 iterations, error= 4.97886E-02
  Step accepted: perr= 3.03012E-01

BDF2 step     39: T= 2.16624E-01, H= 1.57821E-02, ETAH= 1.00459E-02
  Preconditioner updated at T= 2.32406E-01, ETAH= 1.00459E-02
    1: error= 5.64367E-01
    2: error= 1.32937E-01
    3: error= 6.13221E-02
    4: error= 2.62759E-02
  AIN BCE solve succeeded:   4 iterations, error= 2.62759E-02
  Step accepted: perr= 5.74318E-01

BDF2 step     40: T= 2.32406E-01, H= 1.30500E-02, ETAH= 8.98374E-03
    1: error= 2.71978E-01
    2: error= 8.68907E-02
    3: error= 6.12612E-02
    4: error= 4.10746E-02
  AIN BCE solve succeeded:   4 iterations, error= 4.10746E-02
  Step accepted: perr= 3.77975E-01

BDF2 step     41: T= 2.45456E-01, H= 1.57622E-02, ETAH= 1.01885E-02
    1: error= 3.37705E-01
    2: error= 1.27518E-01
    3: error= 8.99490E-02
    4: error= 6.82995E-02
    5: error= 2.42764E-01
    6: error= 1.82399E-01
    7: error= 7.85731E-03
  AIN BCE solve succeeded:   7 iterations, error= 7.85731E-03
  Step accepted: perr= 8.72453E-01

BDF2 step     42: T= 2.61218E-01, H= 1.09366E-02, ETAH= 7.75853E-03
    1: error= 2.25785E-01
    2: error= 8.13647E-02
    3: error= 3.44825E-02
  AIN BCE solve succeeded:   3 iterations, error= 3.44825E-02
  Step accepted: perr= 1.81929E-01

BDF2 step     43: T= 2.72155E-01, H= 2.09713E-02, ETAH= 1.26543E-02
    1: error= 4.22589E-01
    2: error= 1.31434E-01
    3: error= 5.85756E-02
    4: error= 2.23167E-02
  AIN BCE solve succeeded:   4 iterations, error= 2.23167E-02
  Step accepted: perr= 5.15905E-01

BDF2 step     44: T= 2.93126E-01, H= 1.68022E-02, ETAH= 1.16293E-02
    1: error= 2.60386E-01
    2: error= 9.56090E-02
    3: error= 6.13506E-02
    4: error= 4.35034E-02
  AIN BCE solve succeeded:   4 iterations, error= 4.35034E-02
  Step accepted: perr= 3.44400E-01

BDF2 step     45: T= 3.09928E-01, H= 2.05776E-02, ETAH= 1.32716E-02
    1: error= 3.51436E-01
    2: error= 1.90655E-01
    3: error= 1.37550E-01
    4: error= 1.31647E-01
    5: error= 4.47034E-01
    6: error= 4.17057E-01
    7: error= 3.16488E-03
  AIN BCE solve succeeded:   7 iterations, error= 3.16488E-03
  Step accepted: perr= 1.48155E+00

BDF2 step     46: T= 3.30506E-01, H= 1.02926E-02, ETAH= 7.71898E-03
    1: error= 1.85246E-01
    2: error= 8.19534E-02
    3: error= 3.87343E-02
  AIN BCE solve succeeded:   3 iterations, error= 3.87343E-02
  Step accepted: perr= 1.38349E-01

BDF2 step     47: T= 3.40799E-01, H= 2.62391E-02, ETAH= 1.52708E-02
    1: error= 4.78806E-01
    2: error= 1.69732E-01
    3: error= 6.23997E-02
    4: error= 2.13716E-02
  AIN BCE solve succeeded:   4 iterations, error= 2.13716E-02
  Step accepted: perr= 6.78446E-01

BDF2 step     48: T= 3.67038E-01, H= 1.72495E-02, ETAH= 1.23507E-02
    1: error= 2.02890E-01
    2: error= 9.35819E-02
    3: error= 7.18079E-02
    4: error= 6.51611E-02
    5: error= 8.01439E-02
    6: error= 2.55567E-01
    7: error= 1.20595E-02
  AIN BCE solve succeeded:   7 iterations, error= 1.20595E-02
  Step accepted: perr= 6.11477E-01

BDF2 step     49: T= 3.84287E-01, H= 1.63830E-02, ETAH= 1.10166E-02
    1: error= 2.00629E-01
    2: error= 4.09133E-02
  AIN BCE solve succeeded:   2 iterations, error= 4.09133E-02
  Step accepted: perr= 2.15276E-01

BDF2 step     50: T= 4.00670E-01, H= 2.80050E-02, ETAH= 1.71714E-02
    1: error= 3.30190E-01
    2: error= 1.98250E-01
    3: error= 1.19450E-01
    4: error= 1.24903E-01
    5: error= 1.37158E-01
    6: error= 4.66102E-01
    7: error= 9.37985E-03
  AIN BCE solve succeeded:   7 iterations, error= 9.37985E-03
  Step accepted: perr= 1.00225E+00

BDF2 step     51: T= 4.28675E-01, H= 1.49791E-02, ETAH= 1.11081E-02
    1: error= 1.52107E-01
    2: error= 1.81163E-02
  AIN BCE solve succeeded:   2 iterations, error= 1.81163E-02
  Step accepted: perr= 1.66087E-01

BDF2 step     52: T= 4.43654E-01, H= 3.23140E-02, ETAH= 1.91971E-02
    1: error= 3.44656E-01
    2: error= 1.55996E-01
    3: error= 1.02194E-01
    4: error= 6.51572E-02
    5: error= 6.82673E-02
    6: error= 2.75410E-01
    7: error= 4.03298E-02
  AIN BCE solve succeeded:   7 iterations, error= 4.03298E-02
  Step accepted: perr= 6.39719E-01

BDF2 step     53: T= 4.75968E-01, H= 2.30754E-02, ETAH= 1.62892E-02
    1: error= 1.86633E-01
    2: error= 5.27123E-02
    3: error= 3.87334E-02
  AIN BCE solve succeeded:   3 iterations, error= 3.87334E-02
  Step accepted: perr= 2.39574E-01

BDF2 step     54: T= 4.99044E-01, H= 3.53784E-02, ETAH= 2.20394E-02
    1: error= 3.44111E-01
    2: error= 2.13015E-01
    3: error= 1.43892E-01
    4: error= 1.58911E-01
    5: error= 2.61959E-01
    6: error= 6.66488E-01
    7: error= 7.84053E-02
    8: error= 1.36099E-02
  AIN BCE solve succeeded:   8 iterations, error= 1.36099E-02
  Step accepted: perr= 1.25330E+00
